// Jest Snapshot v1, https://goo.gl/fbAQLP

exports[`it renders correctly confirmed 1`] = `
<DocumentFragment>
  <div
    class="MuiToggleButtonGroup-root MuiToggleButtonGroup-vertical css-mjlvw-MuiToggleButtonGroup-root"
    role="group"
  >
    <button
      aria-pressed="true"
      class="MuiButtonBase-root MuiToggleButton-root Mui-selected MuiToggleButton-sizeSmall MuiToggleButton-standard MuiToggleButtonGroup-grouped MuiToggleButtonGroup-groupedVertical css-1x4vipr-MuiButtonBase-root-MuiToggleButton-root"
      tabindex="0"
      type="button"
      value="all"
    >
       All 
      <span
        class="MuiTouchRipple-root css-8je8zh-MuiTouchRipple-root"
      />
    </button>
    <button
      aria-pressed="false"
      class="MuiButtonBase-root MuiToggleButton-root MuiToggleButton-sizeSmall MuiToggleButton-standard MuiToggleButtonGroup-grouped MuiToggleButtonGroup-groupedVertical css-1x4vipr-MuiButtonBase-root-MuiToggleButton-root"
      tabindex="0"
      type="button"
      value="confirmed"
    >
       Confirmed
      <span
        class="MuiTouchRipple-root css-8je8zh-MuiTouchRipple-root"
      />
    </button>
    <button
      aria-pressed="false"
      class="MuiButtonBase-root MuiToggleButton-root MuiToggleButton-sizeSmall MuiToggleButton-standard MuiToggleButtonGroup-grouped MuiToggleButtonGroup-groupedVertical css-1x4vipr-MuiButtonBase-root-MuiToggleButton-root"
      tabindex="0"
      type="button"
      value="recovered"
    >
       Recovered
      <span
        class="MuiTouchRipple-root css-8je8zh-MuiTouchRipple-root"
      />
    </button>
    <button
      aria-pressed="false"
      class="MuiButtonBase-root MuiToggleButton-root MuiToggleButton-sizeSmall MuiToggleButton-standard MuiToggleButtonGroup-grouped MuiToggleButtonGroup-groupedVertical css-1x4vipr-MuiButtonBase-root-MuiToggleButton-root"
      tabindex="0"
      type="button"
      value="deaths"
    >
       Dead 
      <span
        class="MuiTouchRipple-root css-8je8zh-MuiTouchRipple-root"
      />
    </button>
  </div>
</DocumentFragment>
`;
